// Vitest Snapshot v1, https://vitest.dev/guide/snapshot.html

exports[`v1 determinism > matches the v1 snapshot for a fixed seed 1`] = `
{
  "altered": {
    "attrs": {},
    "children": [
      {
        "attrs": {
          "fill": "var(--color-paper)",
          "height": 300,
          "width": 400,
          "x": 0,
          "y": 0,
        },
        "tag": "rect",
      },
      {
        "attrs": {},
        "children": [
          {
            "attrs": {
              "fill": "var(--color-paper-shade)",
              "height": 146,
              "stroke": "var(--color-ink)",
              "stroke-linejoin": "round",
              "stroke-width": 1.5,
              "width": 240,
              "x": 80,
              "y": 70,
            },
            "tag": "rect",
          },
          {
            "attrs": {
              "fill": "var(--color-ink-soft)",
              "points": "70,70 110,38 290,38 330,70",
              "stroke": "var(--color-ink)",
              "stroke-linejoin": "round",
              "stroke-width": 1.5,
            },
            "tag": "polygon",
          },
        ],
        "tag": "g",
      },
      {
        "attrs": {
          "stroke": "var(--color-ink)",
          "stroke-linecap": "round",
          "stroke-width": 1.5,
          "x1": 0,
          "x2": 400,
          "y1": 250,
          "y2": 250,
        },
        "tag": "line",
      },
      {
        "attrs": {
          "stroke": "var(--color-ink)",
          "stroke-linecap": "round",
          "stroke-width": 1.5,
          "x1": 371,
          "x2": 374,
          "y1": 280,
          "y2": 275,
        },
        "tag": "line",
      },
      {
        "attrs": {
          "stroke": "var(--color-ink)",
          "stroke-linecap": "round",
          "stroke-width": 1.5,
          "x1": 353,
          "x2": 356,
          "y1": 290,
          "y2": 285,
        },
        "tag": "line",
      },
      {
        "attrs": {
          "stroke": "var(--color-ink)",
          "stroke-linecap": "round",
          "stroke-width": 1.5,
          "x1": 89,
          "x2": 92,
          "y1": 284,
          "y2": 279,
        },
        "tag": "line",
      },
      {
        "attrs": {
          "stroke": "var(--color-ink)",
          "stroke-linecap": "round",
          "stroke-width": 1.5,
          "x1": 69,
          "x2": 72,
          "y1": 287,
          "y2": 282,
        },
        "tag": "line",
      },
      {
        "attrs": {
          "stroke": "var(--color-ink)",
          "stroke-linecap": "round",
          "stroke-width": 1.5,
          "x1": 143,
          "x2": 146,
          "y1": 269,
          "y2": 264,
        },
        "tag": "line",
      },
      {
        "attrs": {
          "stroke": "var(--color-ink)",
          "stroke-linecap": "round",
          "stroke-width": 1.5,
          "x1": 50,
          "x2": 53,
          "y1": 255,
          "y2": 250,
        },
        "tag": "line",
      },
      {
        "attrs": {
          "stroke": "var(--color-ink)",
          "stroke-linecap": "round",
          "stroke-width": 1.5,
          "x1": 304,
          "x2": 307,
          "y1": 285,
          "y2": 280,
        },
        "tag": "line",
      },
      {
        "attrs": {
          "stroke": "var(--color-ink)",
          "stroke-linecap": "round",
          "stroke-width": 1.5,
          "x1": 367,
          "x2": 370,
          "y1": 260,
          "y2": 255,
        },
        "tag": "line",
      },
      {
        "attrs": {
          "stroke": "var(--color-ink)",
          "stroke-linecap": "round",
          "stroke-width": 1.5,
          "x1": 178,
          "x2": 181,
          "y1": 262,
          "y2": 257,
        },
        "tag": "line",
      },
      {
        "attrs": {
          "stroke": "var(--color-ink)",
          "stroke-linecap": "round",
          "stroke-width": 1.5,
          "x1": 373,
          "x2": 376,
          "y1": 272,
          "y2": 267,
        },
        "tag": "line",
      },
      {
        "attrs": {
          "stroke": "var(--color-ink)",
          "stroke-linecap": "round",
          "stroke-width": 1.5,
          "x1": 389,
          "x2": 392,
          "y1": 268,
          "y2": 263,
        },
        "tag": "line",
      },
      {
        "attrs": {
          "stroke": "var(--color-ink)",
          "stroke-linecap": "round",
          "stroke-width": 1.5,
          "x1": 312,
          "x2": 315,
          "y1": 278,
          "y2": 273,
        },
        "tag": "line",
      },
      {
        "attrs": {
          "stroke": "var(--color-ink)",
          "stroke-linecap": "round",
          "stroke-width": 1.5,
          "x1": 362,
          "x2": 365,
          "y1": 291,
          "y2": 286,
        },
        "tag": "line",
      },
      {
        "attrs": {
          "stroke": "var(--color-ink)",
          "stroke-linecap": "round",
          "stroke-width": 1.5,
          "x1": 31,
          "x2": 34,
          "y1": 286,
          "y2": 281,
        },
        "tag": "line",
      },
      {
        "attrs": {
          "stroke": "var(--color-ink)",
          "stroke-linecap": "round",
          "stroke-width": 1.5,
          "x1": 222,
          "x2": 225,
          "y1": 261,
          "y2": 256,
        },
        "tag": "line",
      },
      {
        "attrs": {
          "stroke": "var(--color-ink)",
          "stroke-linecap": "round",
          "stroke-width": 1.5,
          "x1": 99,
          "x2": 102,
          "y1": 291,
          "y2": 286,
        },
        "tag": "line",
      },
      {
        "attrs": {
          "stroke": "var(--color-ink)",
          "stroke-linecap": "round",
          "stroke-width": 1.5,
          "x1": 31,
          "x2": 34,
          "y1": 265,
          "y2": 260,
        },
        "tag": "line",
      },
      {
        "attrs": {
          "stroke": "var(--color-ink)",
          "stroke-linecap": "round",
          "stroke-width": 1.5,
          "x1": 369,
          "x2": 372,
          "y1": 274,
          "y2": 269,
        },
        "tag": "line",
      },
      {
        "attrs": {
          "stroke": "var(--color-ink)",
          "stroke-linecap": "round",
          "stroke-width": 1.5,
          "x1": 200,
          "x2": 203,
          "y1": 271,
          "y2": 266,
        },
        "tag": "line",
      },
      {
        "attrs": {
          "stroke": "var(--color-ink)",
          "stroke-linecap": "round",
          "stroke-width": 1.5,
          "x1": 257,
          "x2": 260,
          "y1": 256,
          "y2": 251,
        },
        "tag": "line",
      },
      {
        "attrs": {
          "stroke": "var(--color-ink)",
          "stroke-linecap": "round",
          "stroke-width": 1.5,
          "x1": 367,
          "x2": 370,
          "y1": 255,
          "y2": 250,
        },
        "tag": "line",
      },
      {
        "attrs": {
          "stroke": "var(--color-ink)",
          "stroke-linecap": "round",
          "stroke-width": 1.5,
          "x1": 290,
          "x2": 293,
          "y1": 282,
          "y2": 277,
        },
        "tag": "line",
      },
      {
        "attrs": {
          "stroke": "var(--color-ink)",
          "stroke-linecap": "round",
          "stroke-width": 1.5,
          "x1": 354,
          "x2": 357,
          "y1": 281,
          "y2": 276,
        },
        "tag": "line",
      },
      {
        "attrs": {
          "stroke": "var(--color-ink)",
          "stroke-linecap": "round",
          "stroke-width": 1.5,
          "x1": 228,
          "x2": 231,
          "y1": 275,
          "y2": 270,
        },
        "tag": "line",
      },
      {
        "attrs": {
          "stroke": "var(--color-ink)",
          "stroke-linecap": "round",
          "stroke-width": 1.5,
          "x1": 116,
          "x2": 119,
          "y1": 280,
          "y2": 275,
        },
        "tag": "line",
      },
      {
        "attrs": {
          "stroke": "var(--color-ink)",
          "stroke-linecap": "round",
          "stroke-width": 1.5,
          "x1": 115,
          "x2": 118,
          "y1": 259,
          "y2": 254,
        },
        "tag": "line",
      },
      {
        "attrs": {
          "stroke": "var(--color-ink)",
          "stroke-linecap": "round",
          "stroke-width": 1.5,
          "x1": 213,
          "x2": 216,
          "y1": 260,
          "y2": 255,
        },
        "tag": "line",
      },
      {
        "attrs": {
          "stroke": "var(--color-ink)",
          "stroke-linecap": "round",
          "stroke-width": 1.5,
          "x1": 134,
          "x2": 137,
          "y1": 287,
          "y2": 282,
        },
        "tag": "line",
      },
      {
        "attrs": {
          "stroke": "var(--color-ink)",
          "stroke-linecap": "round",
          "stroke-width": 1.5,
          "x1": 255,
          "x2": 258,
          "y1": 269,
          "y2": 264,
        },
        "tag": "line",
      },
      {
        "attrs": {
          "stroke": "var(--color-ink)",
          "stroke-linecap": "round",
          "stroke-width": 1.5,
          "x1": 224,
          "x2": 227,
          "y1": 267,
          "y2": 262,
        },
        "tag": "line",
      },
      {
        "attrs": {
          "stroke": "var(--color-ink)",
          "stroke-linecap": "round",
          "stroke-width": 1.5,
          "x1": 174,
          "x2": 177,
          "y1": 266,
          "y2": 261,
        },
        "tag": "line",
      },
      {
        "attrs": {
          "stroke": "var(--color-ink)",
          "stroke-linecap": "round",
          "stroke-width": 1.5,
          "x1": 335,
          "x2": 338,
          "y1": 258,
          "y2": 253,
        },
        "tag": "line",
      },
      {
        "attrs": {
          "stroke": "var(--color-ink)",
          "stroke-linecap": "round",
          "stroke-width": 1.5,
          "x1": 372,
          "x2": 375,
          "y1": 273,
          "y2": 268,
        },
        "tag": "line",
      },
      {
        "attrs": {
          "stroke": "var(--color-ink)",
          "stroke-linecap": "round",
          "stroke-width": 1.5,
          "x1": 132,
          "x2": 135,
          "y1": 265,
          "y2": 260,
        },
        "tag": "line",
      },
      {
        "attrs": {
          "stroke": "var(--color-ink)",
          "stroke-linecap": "round",
          "stroke-width": 1.5,
          "x1": 311,
          "x2": 314,
          "y1": 259,
          "y2": 254,
        },
        "tag": "line",
      },
      {
        "attrs": {
          "stroke": "var(--color-ink)",
          "stroke-linecap": "round",
          "stroke-width": 1.5,
          "x1": 54,
          "x2": 57,
          "y1": 256,
          "y2": 251,
        },
        "tag": "line",
      },
      {
        "attrs": {
          "stroke": "var(--color-ink)",
          "stroke-linecap": "round",
          "stroke-width": 1.5,
          "x1": 178,
          "x2": 181,
          "y1": 289,
          "y2": 284,
        },
        "tag": "line",
      },
      {
        "attrs": {
          "stroke": "var(--color-ink)",
          "stroke-linecap": "round",
          "stroke-width": 1.5,
          "x1": 291,
          "x2": 294,
          "y1": 294,
          "y2": 289,
        },
        "tag": "line",
      },
      {
        "attrs": {
          "stroke": "var(--color-ink)",
          "stroke-linecap": "round",
          "stroke-width": 1.5,
          "x1": 266,
          "x2": 269,
          "y1": 292,
          "y2": 287,
        },
        "tag": "line",
      },
      {
        "attrs": {
          "stroke": "var(--color-ink)",
          "stroke-linecap": "round",
          "stroke-width": 1.5,
          "x1": 283,
          "x2": 286,
          "y1": 283,
          "y2": 278,
        },
        "tag": "line",
      },
      {
        "attrs": {},
        "children": [
          {
            "attrs": {
              "fill": "var(--color-shadow-soft)",
              "height": 34,
              "stroke": "var(--color-ink)",
              "stroke-linejoin": "round",
              "stroke-width": 1.5,
              "width": 26,
              "x": 107.2,
              "y": 82,
            },
            "tag": "rect",
          },
          {
            "attrs": {
              "stroke": "var(--color-ink)",
              "stroke-linecap": "round",
              "stroke-width": 1.5,
              "x1": 120.2,
              "x2": 120.2,
              "y1": 82,
              "y2": 116,
            },
            "tag": "line",
          },
          {
            "attrs": {
              "stroke": "var(--color-ink)",
              "stroke-linecap": "round",
              "stroke-width": 1.5,
              "x1": 107.2,
              "x2": 133.2,
              "y1": 99,
              "y2": 99,
            },
            "tag": "line",
          },
          {
            "attrs": {
              "fill": "var(--color-ink-soft)",
              "points": "107.2,82 116.2,82 107.2,104.1",
              "stroke": "var(--color-ink)",
              "stroke-linejoin": "round",
              "stroke-width": 1.5,
            },
            "tag": "polygon",
          },
        ],
        "tag": "g",
      },
      {
        "attrs": {
          "transform": "translate(173.4 116) scale(0.7) translate(-173.4 -116)",
        },
        "children": [
          {
            "attrs": {
              "fill": "var(--color-ink-soft)",
              "height": 34,
              "stroke": "var(--color-ink)",
              "stroke-linejoin": "round",
              "stroke-width": 1.5,
              "width": 26,
              "x": 160.4,
              "y": 82,
            },
            "tag": "rect",
          },
          {
            "attrs": {
              "stroke": "var(--color-ink)",
              "stroke-linecap": "round",
              "stroke-width": 1.5,
              "x1": 173.4,
              "x2": 173.4,
              "y1": 82,
              "y2": 116,
            },
            "tag": "line",
          },
          {
            "attrs": {
              "stroke": "var(--color-ink)",
              "stroke-linecap": "round",
              "stroke-width": 1.5,
              "x1": 160.4,
              "x2": 186.4,
              "y1": 99,
              "y2": 99,
            },
            "tag": "line",
          },
          {
            "attrs": {
              "fill": "var(--color-ink-soft)",
              "points": "160.4,82 169.4,82 160.4,104.1",
              "stroke": "var(--color-ink)",
              "stroke-linejoin": "round",
              "stroke-width": 1.5,
            },
            "tag": "polygon",
          },
        ],
        "tag": "g",
      },
      {
        "attrs": {},
        "children": [
          {
            "attrs": {
              "fill": "var(--color-shadow)",
              "height": 34,
              "stroke": "var(--color-ink)",
              "stroke-linejoin": "round",
              "stroke-width": 1.5,
              "width": 26,
              "x": 213.6,
              "y": 82,
            },
            "tag": "rect",
          },
          {
            "attrs": {
              "stroke": "var(--color-ink)",
              "stroke-linecap": "round",
              "stroke-width": 1.5,
              "x1": 226.6,
              "x2": 226.6,
              "y1": 82,
              "y2": 116,
            },
            "tag": "line",
          },
          {
            "attrs": {
              "stroke": "var(--color-ink)",
              "stroke-linecap": "round",
              "stroke-width": 1.5,
              "x1": 213.6,
              "x2": 239.6,
              "y1": 99,
              "y2": 99,
            },
            "tag": "line",
          },
          {
            "attrs": {
              "fill": "var(--color-ink-soft)",
              "points": "213.6,82 222.6,82 213.6,104.1",
              "stroke": "var(--color-ink)",
              "stroke-linejoin": "round",
              "stroke-width": 1.5,
            },
            "tag": "polygon",
          },
        ],
        "tag": "g",
      },
      {
        "attrs": {},
        "children": [
          {
            "attrs": {
              "fill": "var(--color-ink-soft)",
              "height": 34,
              "stroke": "var(--color-ink)",
              "stroke-linejoin": "round",
              "stroke-width": 1.5,
              "width": 26,
              "x": 266.8,
              "y": 82,
            },
            "tag": "rect",
          },
          {
            "attrs": {
              "stroke": "var(--color-ink)",
              "stroke-linecap": "round",
              "stroke-width": 1.5,
              "x1": 279.8,
              "x2": 279.8,
              "y1": 82,
              "y2": 116,
            },
            "tag": "line",
          },
          {
            "attrs": {
              "stroke": "var(--color-ink)",
              "stroke-linecap": "round",
              "stroke-width": 1.5,
              "x1": 266.8,
              "x2": 292.8,
              "y1": 99,
              "y2": 99,
            },
            "tag": "line",
          },
          {
            "attrs": {
              "fill": "var(--color-ink-soft)",
              "points": "266.8,82 275.8,82 266.8,104.1",
              "stroke": "var(--color-ink)",
              "stroke-linejoin": "round",
              "stroke-width": 1.5,
            },
            "tag": "polygon",
          },
        ],
        "tag": "g",
      },
      {
        "attrs": {},
        "children": [
          {
            "attrs": {
              "fill": "var(--color-shadow-soft)",
              "height": 34,
              "stroke": "var(--color-ink)",
              "stroke-linejoin": "round",
              "stroke-width": 1.5,
              "width": 26,
              "x": 107.2,
              "y": 132,
            },
            "tag": "rect",
          },
          {
            "attrs": {
              "stroke": "var(--color-ink)",
              "stroke-linecap": "round",
              "stroke-width": 1.5,
              "x1": 120.2,
              "x2": 120.2,
              "y1": 132,
              "y2": 166,
            },
            "tag": "line",
          },
          {
            "attrs": {
              "stroke": "var(--color-ink)",
              "stroke-linecap": "round",
              "stroke-width": 1.5,
              "x1": 107.2,
              "x2": 133.2,
              "y1": 149,
              "y2": 149,
            },
            "tag": "line",
          },
          {
            "attrs": {
              "fill": "var(--color-ink-soft)",
              "points": "107.2,132 116.2,132 107.2,154.1",
              "stroke": "var(--color-ink)",
              "stroke-linejoin": "round",
              "stroke-width": 1.5,
            },
            "tag": "polygon",
          },
        ],
        "tag": "g",
      },
      {
        "attrs": {
          "transform": "translate(346.8 0) scale(-1 1)",
        },
        "children": [
          {
            "attrs": {
              "fill": "var(--color-shadow-soft)",
              "height": 34,
              "stroke": "var(--color-ink)",
              "stroke-linejoin": "round",
              "stroke-width": 1.5,
              "width": 26,
              "x": 160.4,
              "y": 132,
            },
            "tag": "rect",
          },
          {
            "attrs": {
              "stroke": "var(--color-ink)",
              "stroke-linecap": "round",
              "stroke-width": 1.5,
              "x1": 173.4,
              "x2": 173.4,
              "y1": 132,
              "y2": 166,
            },
            "tag": "line",
          },
          {
            "attrs": {
              "stroke": "var(--color-ink)",
              "stroke-linecap": "round",
              "stroke-width": 1.5,
              "x1": 160.4,
              "x2": 186.4,
              "y1": 149,
              "y2": 149,
            },
            "tag": "line",
          },
          {
            "attrs": {
              "fill": "var(--color-ink-soft)",
              "points": "160.4,132 169.4,132 160.4,154.1",
              "stroke": "var(--color-ink)",
              "stroke-linejoin": "round",
              "stroke-width": 1.5,
            },
            "tag": "polygon",
          },
        ],
        "tag": "g",
      },
      {
        "attrs": {},
        "children": [
          {
            "attrs": {
              "fill": "var(--color-paper-shade)",
              "height": 34,
              "stroke": "var(--color-ink)",
              "stroke-linejoin": "round",
              "stroke-width": 1.5,
              "width": 26,
              "x": 213.6,
              "y": 132,
            },
            "tag": "rect",
          },
          {
            "attrs": {
              "stroke": "var(--color-ink)",
              "stroke-linecap": "round",
              "stroke-width": 1.5,
              "x1": 226.6,
              "x2": 226.6,
              "y1": 132,
              "y2": 166,
            },
            "tag": "line",
          },
          {
            "attrs": {
              "stroke": "var(--color-ink)",
              "stroke-linecap": "round",
              "stroke-width": 1.5,
              "x1": 213.6,
              "x2": 239.6,
              "y1": 149,
              "y2": 149,
            },
            "tag": "line",
          },
          {
            "attrs": {
              "fill": "var(--color-ink-soft)",
              "points": "213.6,132 222.6,132 213.6,154.1",
              "stroke": "var(--color-ink)",
              "stroke-linejoin": "round",
              "stroke-width": 1.5,
            },
            "tag": "polygon",
          },
        ],
        "tag": "g",
      },
      {
        "attrs": {},
        "children": [
          {
            "attrs": {
              "fill": "var(--color-shadow-soft)",
              "height": 34,
              "stroke": "var(--color-ink)",
              "stroke-linejoin": "round",
              "stroke-width": 1.5,
              "width": 26,
              "x": 266.8,
              "y": 132,
            },
            "tag": "rect",
          },
          {
            "attrs": {
              "stroke": "var(--color-ink)",
              "stroke-linecap": "round",
              "stroke-width": 1.5,
              "x1": 279.8,
              "x2": 279.8,
              "y1": 132,
              "y2": 166,
            },
            "tag": "line",
          },
          {
            "attrs": {
              "stroke": "var(--color-ink)",
              "stroke-linecap": "round",
              "stroke-width": 1.5,
              "x1": 266.8,
              "x2": 292.8,
              "y1": 149,
              "y2": 149,
            },
            "tag": "line",
          },
          {
            "attrs": {
              "fill": "var(--color-ink-soft)",
              "points": "266.8,132 275.8,132 266.8,154.1",
              "stroke": "var(--color-ink)",
              "stroke-linejoin": "round",
              "stroke-width": 1.5,
            },
            "tag": "polygon",
          },
        ],
        "tag": "g",
      },
      {
        "attrs": {},
        "children": [
          {
            "attrs": {
              "fill": "var(--color-ink-soft)",
              "height": 22,
              "stroke": "var(--color-ink)",
              "stroke-linejoin": "round",
              "stroke-width": 1.5,
              "width": 14,
              "x": 120,
              "y": 22,
            },
            "tag": "rect",
          },
          {
            "attrs": {
              "stroke": "var(--color-ink)",
              "stroke-linecap": "round",
              "stroke-width": 1.5,
              "x1": 120,
              "x2": 134,
              "y1": 28,
              "y2": 28,
            },
            "tag": "line",
          },
          {
            "attrs": {
              "stroke": "var(--color-ink)",
              "stroke-linecap": "round",
              "stroke-width": 1.5,
              "x1": 120,
              "x2": 134,
              "y1": 34,
              "y2": 34,
            },
            "tag": "line",
          },
        ],
        "tag": "g",
      },
      {
        "attrs": {},
        "children": [
          {
            "attrs": {
              "fill": "var(--color-shadow-soft)",
              "height": 22,
              "stroke": "var(--color-ink)",
              "stroke-linejoin": "round",
              "stroke-width": 1.5,
              "width": 14,
              "x": 266,
              "y": 22,
            },
            "tag": "rect",
          },
          {
            "attrs": {
              "stroke": "var(--color-ink)",
              "stroke-linecap": "round",
              "stroke-width": 1.5,
              "x1": 266,
              "x2": 280,
              "y1": 28,
              "y2": 28,
            },
            "tag": "line",
          },
          {
            "attrs": {
              "stroke": "var(--color-ink)",
              "stroke-linecap": "round",
              "stroke-width": 1.5,
              "x1": 266,
              "x2": 280,
              "y1": 34,
              "y2": 34,
            },
            "tag": "line",
          },
        ],
        "tag": "g",
      },
      {
        "attrs": {
          "transform": "translate(210 38) scale(0.7) translate(-210 -38)",
        },
        "children": [
          {
            "attrs": {
              "stroke": "var(--color-ink)",
              "stroke-linecap": "round",
              "stroke-width": 1.5,
              "x1": 199,
              "x2": 199,
              "y1": 6,
              "y2": 38,
            },
            "tag": "line",
          },
          {
            "attrs": {
              "fill": "var(--color-paper-shade)",
              "points": "199,7 222,14 199,21",
              "stroke": "var(--color-ink)",
              "stroke-linejoin": "round",
              "stroke-width": 1.5,
            },
            "tag": "polygon",
          },
        ],
        "tag": "g",
      },
      {
        "attrs": {},
        "children": [
          {
            "attrs": {
              "cx": 26,
              "cy": 22,
              "fill": "var(--color-paper-shade)",
              "r": 8,
              "stroke": "var(--color-ink)",
              "stroke-linejoin": "round",
              "stroke-width": 1.5,
            },
            "tag": "circle",
          },
          {
            "attrs": {
              "cx": 40,
              "cy": 19,
              "fill": "var(--color-paper-shade)",
              "r": 11,
              "stroke": "var(--color-ink)",
              "stroke-linejoin": "round",
              "stroke-width": 1.5,
            },
            "tag": "circle",
          },
          {
            "attrs": {
              "cx": 53,
              "cy": 23,
              "fill": "var(--color-paper-shade)",
              "r": 7,
              "stroke": "var(--color-ink)",
              "stroke-linejoin": "round",
              "stroke-width": 1.5,
            },
            "tag": "circle",
          },
        ],
        "tag": "g",
      },
      {
        "attrs": {},
        "children": [
          {
            "attrs": {
              "cx": 348,
              "cy": 28,
              "fill": "var(--color-paper-shade)",
              "r": 8,
              "stroke": "var(--color-ink)",
              "stroke-linejoin": "round",
              "stroke-width": 1.5,
            },
            "tag": "circle",
          },
          {
            "attrs": {
              "cx": 362,
              "cy": 25,
              "fill": "var(--color-paper-shade)",
              "r": 11,
              "stroke": "var(--color-ink)",
              "stroke-linejoin": "round",
              "stroke-width": 1.5,
            },
            "tag": "circle",
          },
          {
            "attrs": {
              "cx": 375,
              "cy": 29,
              "fill": "var(--color-paper-shade)",
              "r": 7,
              "stroke": "var(--color-ink)",
              "stroke-linejoin": "round",
              "stroke-width": 1.5,
            },
            "tag": "circle",
          },
        ],
        "tag": "g",
      },
      {
        "attrs": {},
        "children": [
          {
            "attrs": {
              "fill": "var(--color-paper-deep)",
              "height": 60,
              "stroke": "var(--color-ink)",
              "stroke-linejoin": "round",
              "stroke-width": 1.5,
              "width": 8,
              "x": 25,
              "y": 190,
            },
            "tag": "rect",
          },
          {
            "attrs": {
              "stroke": "var(--color-ink)",
              "stroke-linecap": "round",
              "stroke-width": 1.5,
              "x1": 29,
              "x2": 51,
              "y1": 220,
              "y2": 200,
            },
            "tag": "line",
          },
          {
            "attrs": {
              "cx": 29,
              "cy": 146,
              "fill": "var(--color-shadow)",
              "r": 22,
              "stroke": "var(--color-ink)",
              "stroke-linejoin": "round",
              "stroke-width": 1.5,
            },
            "tag": "circle",
          },
          {
            "attrs": {
              "cx": 20,
              "cy": 172,
              "fill": "var(--color-shadow)",
              "r": 13,
              "stroke": "var(--color-ink)",
              "stroke-linejoin": "round",
              "stroke-width": 1.5,
            },
            "tag": "circle",
          },
          {
            "attrs": {
              "cx": 38,
              "cy": 174,
              "fill": "var(--color-shadow)",
              "r": 12,
              "stroke": "var(--color-ink)",
              "stroke-linejoin": "round",
              "stroke-width": 1.5,
            },
            "tag": "circle",
          },
        ],
        "tag": "g",
      },
      {
        "attrs": {
          "transform": "translate(-11 0)",
        },
        "children": [
          {
            "attrs": {
              "fill": "var(--color-paper-deep)",
              "height": 60,
              "stroke": "var(--color-ink)",
              "stroke-linejoin": "round",
              "stroke-width": 1.5,
              "width": 8,
              "x": 361,
              "y": 190,
            },
            "tag": "rect",
          },
          {
            "attrs": {
              "stroke": "var(--color-ink)",
              "stroke-linecap": "round",
              "stroke-width": 1.5,
              "x1": 365,
              "x2": 387,
              "y1": 220,
              "y2": 200,
            },
            "tag": "line",
          },
          {
            "attrs": {
              "cx": 365,
              "cy": 146,
              "fill": "var(--color-ink-soft)",
              "r": 22,
              "stroke": "var(--color-ink)",
              "stroke-linejoin": "round",
              "stroke-width": 1.5,
            },
            "tag": "circle",
          },
          {
            "attrs": {
              "cx": 356,
              "cy": 172,
              "fill": "var(--color-ink-soft)",
              "r": 13,
              "stroke": "var(--color-ink)",
              "stroke-linejoin": "round",
              "stroke-width": 1.5,
            },
            "tag": "circle",
          },
          {
            "attrs": {
              "cx": 374,
              "cy": 174,
              "fill": "var(--color-ink-soft)",
              "r": 12,
              "stroke": "var(--color-ink)",
              "stroke-linejoin": "round",
              "stroke-width": 1.5,
            },
            "tag": "circle",
          },
        ],
        "tag": "g",
      },
      {
        "attrs": {},
        "children": [
          {
            "attrs": {
              "stroke": "var(--color-ink)",
              "stroke-linecap": "round",
              "stroke-width": 1.5,
              "x1": 66,
              "x2": 66,
              "y1": 158,
              "y2": 250,
            },
            "tag": "line",
          },
          {
            "attrs": {
              "fill": "var(--color-ink-soft)",
              "height": 6,
              "stroke": "var(--color-ink)",
              "stroke-linejoin": "round",
              "stroke-width": 1.5,
              "width": 9,
              "x": 62,
              "y": 244,
            },
            "tag": "rect",
          },
          {
            "attrs": {
              "stroke": "var(--color-ink)",
              "stroke-linecap": "round",
              "stroke-width": 1.5,
              "x1": 66,
              "x2": 72,
              "y1": 158,
              "y2": 154,
            },
            "tag": "line",
          },
          {
            "attrs": {
              "fill": "var(--color-shadow-soft)",
              "points": "69,153 76,153 75,164 70,164",
              "stroke": "var(--color-ink)",
              "stroke-linejoin": "round",
              "stroke-width": 1.5,
            },
            "tag": "polygon",
          },
        ],
        "tag": "g",
      },
      {
        "attrs": {},
        "children": [
          {
            "attrs": {
              "stroke": "var(--color-ink)",
              "stroke-linecap": "round",
              "stroke-width": 1.5,
              "x1": 120.2,
              "x2": 120.2,
              "y1": 241.88,
              "y2": 270,
            },
            "tag": "line",
          },
          {
            "attrs": {
              "stroke": "var(--color-ink)",
              "stroke-linecap": "round",
              "stroke-width": 1.5,
              "x1": 128.2,
              "x2": 128.2,
              "y1": 241.88,
              "y2": 270,
            },
            "tag": "line",
          },
          {
            "attrs": {
              "fill": "var(--color-paper-shade)",
              "height": 9,
              "stroke": "var(--color-ink)",
              "stroke-linejoin": "round",
              "stroke-width": 1.5,
              "width": 8,
              "x": 133.2,
              "y": 233.88,
            },
            "tag": "rect",
          },
          {
            "attrs": {
              "fill": "var(--color-ink-soft)",
              "points": "115.2,222 133.2,222 135.2,241.88 113.2,241.88",
              "stroke": "var(--color-ink)",
              "stroke-linejoin": "round",
              "stroke-width": 1.5,
            },
            "tag": "polygon",
          },
          {
            "attrs": {
              "stroke": "var(--color-ink)",
              "stroke-linecap": "round",
              "stroke-width": 1.5,
              "x1": 115.2,
              "x2": 113.2,
              "y1": 224,
              "y2": 235.88,
            },
            "tag": "line",
          },
          {
            "attrs": {
              "stroke": "var(--color-ink)",
              "stroke-linecap": "round",
              "stroke-width": 1.5,
              "x1": 133.2,
              "x2": 137.2,
              "y1": 224,
              "y2": 237.88,
            },
            "tag": "line",
          },
          {
            "attrs": {
              "cx": 124.2,
              "cy": 213,
              "fill": "var(--color-paper)",
              "r": 7,
              "stroke": "var(--color-ink)",
              "stroke-linejoin": "round",
              "stroke-width": 1.5,
            },
            "tag": "circle",
          },
        ],
        "tag": "g",
      },
      {
        "attrs": {},
        "children": [
          {
            "attrs": {
              "fill": "var(--color-ink-soft)",
              "points": "118.2,206 119.2,199 129.2,199 130.2,206",
              "stroke": "var(--color-ink)",
              "stroke-linejoin": "round",
              "stroke-width": 1.5,
            },
            "tag": "polygon",
          },
          {
            "attrs": {
              "stroke": "var(--color-ink)",
              "stroke-linecap": "round",
              "stroke-width": 1.5,
              "x1": 114.2,
              "x2": 134.2,
              "y1": 206,
              "y2": 206,
            },
            "tag": "line",
          },
          {
            "attrs": {
              "stroke": "var(--color-ink)",
              "stroke-linecap": "round",
              "stroke-width": 1.5,
              "x1": 129.2,
              "x2": 134.2,
              "y1": 204,
              "y2": 197,
            },
            "tag": "line",
          },
        ],
        "tag": "g",
      },
      {
        "attrs": {},
        "children": [
          {
            "attrs": {
              "fill": "var(--color-paper-shade)",
              "points": "122.4,223 126,223 127.2,235 124.2,239 121.2,235",
              "stroke": "var(--color-ink)",
              "stroke-linejoin": "round",
              "stroke-width": 1.5,
            },
            "tag": "polygon",
          },
        ],
        "tag": "g",
      },
      {
        "attrs": {},
        "children": [
          {
            "attrs": {
              "stroke": "var(--color-ink)",
              "stroke-linecap": "round",
              "stroke-width": 1.5,
              "x1": 172.58,
              "x2": 172.58,
              "y1": 247.98,
              "y2": 278,
            },
            "tag": "line",
          },
          {
            "attrs": {
              "stroke": "var(--color-ink)",
              "stroke-linecap": "round",
              "stroke-width": 1.5,
              "x1": 180.58,
              "x2": 180.58,
              "y1": 247.98,
              "y2": 278,
            },
            "tag": "line",
          },
          {
            "attrs": {
              "fill": "var(--color-paper-shade)",
              "height": 9,
              "stroke": "var(--color-ink)",
              "stroke-linejoin": "round",
              "stroke-width": 1.5,
              "width": 8,
              "x": 159.58,
              "y": 239.98,
            },
            "tag": "rect",
          },
          {
            "attrs": {
              "fill": "var(--color-ink-soft)",
              "points": "167.58,225 185.58,225 187.58,247.98 165.58,247.98",
              "stroke": "var(--color-ink)",
              "stroke-linejoin": "round",
              "stroke-width": 1.5,
            },
            "tag": "polygon",
          },
          {
            "attrs": {
              "stroke": "var(--color-ink)",
              "stroke-linecap": "round",
              "stroke-width": 1.5,
              "x1": 185.58,
              "x2": 187.58,
              "y1": 227,
              "y2": 241.98,
            },
            "tag": "line",
          },
          {
            "attrs": {
              "stroke": "var(--color-ink)",
              "stroke-linecap": "round",
              "stroke-width": 1.5,
              "x1": 167.58,
              "x2": 163.58,
              "y1": 227,
              "y2": 243.98,
            },
            "tag": "line",
          },
          {
            "attrs": {
              "cx": 176.58,
              "cy": 216,
              "fill": "var(--color-paper)",
              "r": 7,
              "stroke": "var(--color-ink)",
              "stroke-linejoin": "round",
              "stroke-width": 1.5,
            },
            "tag": "circle",
          },
        ],
        "tag": "g",
      },
      {
        "attrs": {},
        "children": [
          {
            "attrs": {
              "fill": "var(--color-shadow)",
              "points": "170.58,209 171.58,202 181.58,202 182.58,209",
              "stroke": "var(--color-ink)",
              "stroke-linejoin": "round",
              "stroke-width": 1.5,
            },
            "tag": "polygon",
          },
          {
            "attrs": {
              "stroke": "var(--color-ink)",
              "stroke-linecap": "round",
              "stroke-width": 1.5,
              "x1": 166.58,
              "x2": 186.58,
              "y1": 209,
              "y2": 209,
            },
            "tag": "line",
          },
          {
            "attrs": {
              "stroke": "var(--color-ink)",
              "stroke-linecap": "round",
              "stroke-width": 1.5,
              "x1": 181.58,
              "x2": 186.58,
              "y1": 207,
              "y2": 200,
            },
            "tag": "line",
          },
        ],
        "tag": "g",
      },
      {
        "attrs": {},
        "children": [
          {
            "attrs": {
              "stroke": "var(--color-ink)",
              "stroke-linecap": "round",
              "stroke-width": 1.5,
              "x1": 240.57,
              "x2": 240.57,
              "y1": 243.22,
              "y2": 274,
            },
            "tag": "line",
          },
          {
            "attrs": {
              "stroke": "var(--color-ink)",
              "stroke-linecap": "round",
              "stroke-width": 1.5,
              "x1": 248.57,
              "x2": 248.57,
              "y1": 243.22,
              "y2": 274,
            },
            "tag": "line",
          },
          {
            "attrs": {
              "fill": "var(--color-paper-shade)",
              "height": 9,
              "stroke": "var(--color-ink)",
              "stroke-linejoin": "round",
              "stroke-width": 1.5,
              "width": 8,
              "x": 227.57,
              "y": 235.22,
            },
            "tag": "rect",
          },
          {
            "attrs": {
              "fill": "var(--color-ink-soft)",
              "points": "235.57,219 253.57,219 255.57,243.22 233.57,243.22",
              "stroke": "var(--color-ink)",
              "stroke-linejoin": "round",
              "stroke-width": 1.5,
            },
            "tag": "polygon",
          },
          {
            "attrs": {
              "stroke": "var(--color-ink)",
              "stroke-linecap": "round",
              "stroke-width": 1.5,
              "x1": 253.57,
              "x2": 255.57,
              "y1": 221,
              "y2": 237.22,
            },
            "tag": "line",
          },
          {
            "attrs": {
              "stroke": "var(--color-ink)",
              "stroke-linecap": "round",
              "stroke-width": 1.5,
              "x1": 235.57,
              "x2": 231.57,
              "y1": 221,
              "y2": 239.22,
            },
            "tag": "line",
          },
          {
            "attrs": {
              "cx": 244.57,
              "cy": 210,
              "fill": "var(--color-paper)",
              "r": 7,
              "stroke": "var(--color-ink)",
              "stroke-linejoin": "round",
              "stroke-width": 1.5,
            },
            "tag": "circle",
          },
        ],
        "tag": "g",
      },
      {
        "attrs": {},
        "children": [
          {
            "attrs": {
              "fill": "var(--color-shadow-soft)",
              "points": "242.77,220 246.37,220 247.57,232 244.57,236 241.57,232",
              "stroke": "var(--color-ink)",
              "stroke-linejoin": "round",
              "stroke-width": 1.5,
            },
            "tag": "polygon",
          },
        ],
        "tag": "g",
      },
      {
        "attrs": {},
        "children": [
          {
            "attrs": {
              "stroke": "var(--color-ink)",
              "stroke-linecap": "round",
              "stroke-width": 1.5,
              "x1": 285.85,
              "x2": 285.85,
              "y1": 235.22,
              "y2": 266,
            },
            "tag": "line",
          },
          {
            "attrs": {
              "stroke": "var(--color-ink)",
              "stroke-linecap": "round",
              "stroke-width": 1.5,
              "x1": 293.85,
              "x2": 293.85,
              "y1": 235.22,
              "y2": 266,
            },
            "tag": "line",
          },
          {
            "attrs": {
              "fill": "var(--color-paper-shade)",
              "height": 9,
              "stroke": "var(--color-ink)",
              "stroke-linejoin": "round",
              "stroke-width": 1.5,
              "width": 8,
              "x": 272.85,
              "y": 227.22,
            },
            "tag": "rect",
          },
          {
            "attrs": {
              "fill": "var(--color-shadow-soft)",
              "points": "280.85,211 298.85,211 300.85,235.22 278.85,235.22",
              "stroke": "var(--color-ink)",
              "stroke-linejoin": "round",
              "stroke-width": 1.5,
            },
            "tag": "polygon",
          },
          {
            "attrs": {
              "stroke": "var(--color-ink)",
              "stroke-linecap": "round",
              "stroke-width": 1.5,
              "x1": 298.85,
              "x2": 300.85,
              "y1": 213,
              "y2": 229.22,
            },
            "tag": "line",
          },
          {
            "attrs": {
              "stroke": "var(--color-ink)",
              "stroke-linecap": "round",
              "stroke-width": 1.5,
              "x1": 280.85,
              "x2": 276.85,
              "y1": 213,
              "y2": 231.22,
            },
            "tag": "line",
          },
          {
            "attrs": {
              "cx": 289.85,
              "cy": 202,
              "fill": "var(--color-paper)",
              "r": 7,
              "stroke": "var(--color-ink)",
              "stroke-linejoin": "round",
              "stroke-width": 1.5,
            },
            "tag": "circle",
          },
        ],
        "tag": "g",
      },
      {
        "attrs": {},
        "children": [
          {
            "attrs": {
              "fill": "var(--color-shadow-soft)",
              "points": "288.05,212 291.65,212 292.85,224 289.85,228 286.85,224",
              "stroke": "var(--color-ink)",
              "stroke-linejoin": "round",
              "stroke-width": 1.5,
            },
            "tag": "polygon",
          },
        ],
        "tag": "g",
      },
    ],
    "tag": "g",
  },
  "differences": [
    {
      "index": 0,
      "region": {
        "height": 40,
        "width": 32,
        "x": 157.4,
        "y": 79,
      },
      "type": "scale",
    },
    {
      "index": 1,
      "region": {
        "height": 16,
        "width": 26,
        "x": 231.57,
        "y": 190,
      },
      "type": "remove",
    },
    {
      "index": 2,
      "region": {
        "height": 38,
        "width": 30,
        "x": 195,
        "y": 3,
      },
      "type": "scale",
    },
    {
      "index": 3,
      "region": {
        "height": 136,
        "width": 63,
        "x": 328,
        "y": 117,
      },
      "type": "move",
    },
    {
      "index": 4,
      "region": {
        "height": 40,
        "width": 32,
        "x": 210.6,
        "y": 79,
      },
      "type": "colour",
    },
    {
      "index": 5,
      "region": {
        "height": 40,
        "width": 32,
        "x": 157.4,
        "y": 129,
      },
      "type": "mirror",
    },
  ],
  "original": {
    "attrs": {},
    "children": [
      {
        "attrs": {
          "fill": "var(--color-paper)",
          "height": 300,
          "width": 400,
          "x": 0,
          "y": 0,
        },
        "tag": "rect",
      },
      {
        "attrs": {},
        "children": [
          {
            "attrs": {
              "fill": "var(--color-paper-shade)",
              "height": 146,
              "stroke": "var(--color-ink)",
              "stroke-linejoin": "round",
              "stroke-width": 1.5,
              "width": 240,
              "x": 80,
              "y": 70,
            },
            "tag": "rect",
          },
          {
            "attrs": {
              "fill": "var(--color-ink-soft)",
              "points": "70,70 110,38 290,38 330,70",
              "stroke": "var(--color-ink)",
              "stroke-linejoin": "round",
              "stroke-width": 1.5,
            },
            "tag": "polygon",
          },
        ],
        "tag": "g",
      },
      {
        "attrs": {
          "stroke": "var(--color-ink)",
          "stroke-linecap": "round",
          "stroke-width": 1.5,
          "x1": 0,
          "x2": 400,
          "y1": 250,
          "y2": 250,
        },
        "tag": "line",
      },
      {
        "attrs": {
          "stroke": "var(--color-ink)",
          "stroke-linecap": "round",
          "stroke-width": 1.5,
          "x1": 371,
          "x2": 374,
          "y1": 280,
          "y2": 275,
        },
        "tag": "line",
      },
      {
        "attrs": {
          "stroke": "var(--color-ink)",
          "stroke-linecap": "round",
          "stroke-width": 1.5,
          "x1": 353,
          "x2": 356,
          "y1": 290,
          "y2": 285,
        },
        "tag": "line",
      },
      {
        "attrs": {
          "stroke": "var(--color-ink)",
          "stroke-linecap": "round",
          "stroke-width": 1.5,
          "x1": 89,
          "x2": 92,
          "y1": 284,
          "y2": 279,
        },
        "tag": "line",
      },
      {
        "attrs": {
          "stroke": "var(--color-ink)",
          "stroke-linecap": "round",
          "stroke-width": 1.5,
          "x1": 69,
          "x2": 72,
          "y1": 287,
          "y2": 282,
        },
        "tag": "line",
      },
      {
        "attrs": {
          "stroke": "var(--color-ink)",
          "stroke-linecap": "round",
          "stroke-width": 1.5,
          "x1": 143,
          "x2": 146,
          "y1": 269,
          "y2": 264,
        },
        "tag": "line",
      },
      {
        "attrs": {
          "stroke": "var(--color-ink)",
          "stroke-linecap": "round",
          "stroke-width": 1.5,
          "x1": 50,
          "x2": 53,
          "y1": 255,
          "y2": 250,
        },
        "tag": "line",
      },
      {
        "attrs": {
          "stroke": "var(--color-ink)",
          "stroke-linecap": "round",
          "stroke-width": 1.5,
          "x1": 304,
          "x2": 307,
          "y1": 285,
          "y2": 280,
        },
        "tag": "line",
      },
      {
        "attrs": {
          "stroke": "var(--color-ink)",
          "stroke-linecap": "round",
          "stroke-width": 1.5,
          "x1": 367,
          "x2": 370,
          "y1": 260,
          "y2": 255,
        },
        "tag": "line",
      },
      {
        "attrs": {
          "stroke": "var(--color-ink)",
          "stroke-linecap": "round",
          "stroke-width": 1.5,
          "x1": 178,
          "x2": 181,
          "y1": 262,
          "y2": 257,
        },
        "tag": "line",
      },
      {
        "attrs": {
          "stroke": "var(--color-ink)",
          "stroke-linecap": "round",
          "stroke-width": 1.5,
          "x1": 373,
          "x2": 376,
          "y1": 272,
          "y2": 267,
        },
        "tag": "line",
      },
      {
        "attrs": {
          "stroke": "var(--color-ink)",
          "stroke-linecap": "round",
          "stroke-width": 1.5,
          "x1": 389,
          "x2": 392,
          "y1": 268,
          "y2": 263,
        },
        "tag": "line",
      },
      {
        "attrs": {
          "stroke": "var(--color-ink)",
          "stroke-linecap": "round",
          "stroke-width": 1.5,
          "x1": 312,
          "x2": 315,
          "y1": 278,
          "y2": 273,
        },
        "tag": "line",
      },
      {
        "attrs": {
          "stroke": "var(--color-ink)",
          "stroke-linecap": "round",
          "stroke-width": 1.5,
          "x1": 362,
          "x2": 365,
          "y1": 291,
          "y2": 286,
        },
        "tag": "line",
      },
      {
        "attrs": {
          "stroke": "var(--color-ink)",
          "stroke-linecap": "round",
          "stroke-width": 1.5,
          "x1": 31,
          "x2": 34,
          "y1": 286,
          "y2": 281,
        },
        "tag": "line",
      },
      {
        "attrs": {
          "stroke": "var(--color-ink)",
          "stroke-linecap": "round",
          "stroke-width": 1.5,
          "x1": 222,
          "x2": 225,
          "y1": 261,
          "y2": 256,
        },
        "tag": "line",
      },
      {
        "attrs": {
          "stroke": "var(--color-ink)",
          "stroke-linecap": "round",
          "stroke-width": 1.5,
          "x1": 99,
          "x2": 102,
          "y1": 291,
          "y2": 286,
        },
        "tag": "line",
      },
      {
        "attrs": {
          "stroke": "var(--color-ink)",
          "stroke-linecap": "round",
          "stroke-width": 1.5,
          "x1": 31,
          "x2": 34,
          "y1": 265,
          "y2": 260,
        },
        "tag": "line",
      },
      {
        "attrs": {
          "stroke": "var(--color-ink)",
          "stroke-linecap": "round",
          "stroke-width": 1.5,
          "x1": 369,
          "x2": 372,
          "y1": 274,
          "y2": 269,
        },
        "tag": "line",
      },
      {
        "attrs": {
          "stroke": "var(--color-ink)",
          "stroke-linecap": "round",
          "stroke-width": 1.5,
          "x1": 200,
          "x2": 203,
          "y1": 271,
          "y2": 266,
        },
        "tag": "line",
      },
      {
        "attrs": {
          "stroke": "var(--color-ink)",
          "stroke-linecap": "round",
          "stroke-width": 1.5,
          "x1": 257,
          "x2": 260,
          "y1": 256,
          "y2": 251,
        },
        "tag": "line",
      },
      {
        "attrs": {
          "stroke": "var(--color-ink)",
          "stroke-linecap": "round",
          "stroke-width": 1.5,
          "x1": 367,
          "x2": 370,
          "y1": 255,
          "y2": 250,
        },
        "tag": "line",
      },
      {
        "attrs": {
          "stroke": "var(--color-ink)",
          "stroke-linecap": "round",
          "stroke-width": 1.5,
          "x1": 290,
          "x2": 293,
          "y1": 282,
          "y2": 277,
        },
        "tag": "line",
      },
      {
        "attrs": {
          "stroke": "var(--color-ink)",
          "stroke-linecap": "round",
          "stroke-width": 1.5,
          "x1": 354,
          "x2": 357,
          "y1": 281,
          "y2": 276,
        },
        "tag": "line",
      },
      {
        "attrs": {
          "stroke": "var(--color-ink)",
          "stroke-linecap": "round",
          "stroke-width": 1.5,
          "x1": 228,
          "x2": 231,
          "y1": 275,
          "y2": 270,
        },
        "tag": "line",
      },
      {
        "attrs": {
          "stroke": "var(--color-ink)",
          "stroke-linecap": "round",
          "stroke-width": 1.5,
          "x1": 116,
          "x2": 119,
          "y1": 280,
          "y2": 275,
        },
        "tag": "line",
      },
      {
        "attrs": {
          "stroke": "var(--color-ink)",
          "stroke-linecap": "round",
          "stroke-width": 1.5,
          "x1": 115,
          "x2": 118,
          "y1": 259,
          "y2": 254,
        },
        "tag": "line",
      },
      {
        "attrs": {
          "stroke": "var(--color-ink)",
          "stroke-linecap": "round",
          "stroke-width": 1.5,
          "x1": 213,
          "x2": 216,
          "y1": 260,
          "y2": 255,
        },
        "tag": "line",
      },
      {
        "attrs": {
          "stroke": "var(--color-ink)",
          "stroke-linecap": "round",
          "stroke-width": 1.5,
          "x1": 134,
          "x2": 137,
          "y1": 287,
          "y2": 282,
        },
        "tag": "line",
      },
      {
        "attrs": {
          "stroke": "var(--color-ink)",
          "stroke-linecap": "round",
          "stroke-width": 1.5,
          "x1": 255,
          "x2": 258,
          "y1": 269,
          "y2": 264,
        },
        "tag": "line",
      },
      {
        "attrs": {
          "stroke": "var(--color-ink)",
          "stroke-linecap": "round",
          "stroke-width": 1.5,
          "x1": 224,
          "x2": 227,
          "y1": 267,
          "y2": 262,
        },
        "tag": "line",
      },
      {
        "attrs": {
          "stroke": "var(--color-ink)",
          "stroke-linecap": "round",
          "stroke-width": 1.5,
          "x1": 174,
          "x2": 177,
          "y1": 266,
          "y2": 261,
        },
        "tag": "line",
      },
      {
        "attrs": {
          "stroke": "var(--color-ink)",
          "stroke-linecap": "round",
          "stroke-width": 1.5,
          "x1": 335,
          "x2": 338,
          "y1": 258,
          "y2": 253,
        },
        "tag": "line",
      },
      {
        "attrs": {
          "stroke": "var(--color-ink)",
          "stroke-linecap": "round",
          "stroke-width": 1.5,
          "x1": 372,
          "x2": 375,
          "y1": 273,
          "y2": 268,
        },
        "tag": "line",
      },
      {
        "attrs": {
          "stroke": "var(--color-ink)",
          "stroke-linecap": "round",
          "stroke-width": 1.5,
          "x1": 132,
          "x2": 135,
          "y1": 265,
          "y2": 260,
        },
        "tag": "line",
      },
      {
        "attrs": {
          "stroke": "var(--color-ink)",
          "stroke-linecap": "round",
          "stroke-width": 1.5,
          "x1": 311,
          "x2": 314,
          "y1": 259,
          "y2": 254,
        },
        "tag": "line",
      },
      {
        "attrs": {
          "stroke": "var(--color-ink)",
          "stroke-linecap": "round",
          "stroke-width": 1.5,
          "x1": 54,
          "x2": 57,
          "y1": 256,
          "y2": 251,
        },
        "tag": "line",
      },
      {
        "attrs": {
          "stroke": "var(--color-ink)",
          "stroke-linecap": "round",
          "stroke-width": 1.5,
          "x1": 178,
          "x2": 181,
          "y1": 289,
          "y2": 284,
        },
        "tag": "line",
      },
      {
        "attrs": {
          "stroke": "var(--color-ink)",
          "stroke-linecap": "round",
          "stroke-width": 1.5,
          "x1": 291,
          "x2": 294,
          "y1": 294,
          "y2": 289,
        },
        "tag": "line",
      },
      {
        "attrs": {
          "stroke": "var(--color-ink)",
          "stroke-linecap": "round",
          "stroke-width": 1.5,
          "x1": 266,
          "x2": 269,
          "y1": 292,
          "y2": 287,
        },
        "tag": "line",
      },
      {
        "attrs": {
          "stroke": "var(--color-ink)",
          "stroke-linecap": "round",
          "stroke-width": 1.5,
          "x1": 283,
          "x2": 286,
          "y1": 283,
          "y2": 278,
        },
        "tag": "line",
      },
      {
        "attrs": {},
        "children": [
          {
            "attrs": {
              "fill": "var(--color-shadow-soft)",
              "height": 34,
              "stroke": "var(--color-ink)",
              "stroke-linejoin": "round",
              "stroke-width": 1.5,
              "width": 26,
              "x": 107.2,
              "y": 82,
            },
            "tag": "rect",
          },
          {
            "attrs": {
              "stroke": "var(--color-ink)",
              "stroke-linecap": "round",
              "stroke-width": 1.5,
              "x1": 120.2,
              "x2": 120.2,
              "y1": 82,
              "y2": 116,
            },
            "tag": "line",
          },
          {
            "attrs": {
              "stroke": "var(--color-ink)",
              "stroke-linecap": "round",
              "stroke-width": 1.5,
              "x1": 107.2,
              "x2": 133.2,
              "y1": 99,
              "y2": 99,
            },
            "tag": "line",
          },
          {
            "attrs": {
              "fill": "var(--color-ink-soft)",
              "points": "107.2,82 116.2,82 107.2,104.1",
              "stroke": "var(--color-ink)",
              "stroke-linejoin": "round",
              "stroke-width": 1.5,
            },
            "tag": "polygon",
          },
        ],
        "tag": "g",
      },
      {
        "attrs": {},
        "children": [
          {
            "attrs": {
              "fill": "var(--color-ink-soft)",
              "height": 34,
              "stroke": "var(--color-ink)",
              "stroke-linejoin": "round",
              "stroke-width": 1.5,
              "width": 26,
              "x": 160.4,
              "y": 82,
            },
            "tag": "rect",
          },
          {
            "attrs": {
              "stroke": "var(--color-ink)",
              "stroke-linecap": "round",
              "stroke-width": 1.5,
              "x1": 173.4,
              "x2": 173.4,
              "y1": 82,
              "y2": 116,
            },
            "tag": "line",
          },
          {
            "attrs": {
              "stroke": "var(--color-ink)",
              "stroke-linecap": "round",
              "stroke-width": 1.5,
              "x1": 160.4,
              "x2": 186.4,
              "y1": 99,
              "y2": 99,
            },
            "tag": "line",
          },
          {
            "attrs": {
              "fill": "var(--color-ink-soft)",
              "points": "160.4,82 169.4,82 160.4,104.1",
              "stroke": "var(--color-ink)",
              "stroke-linejoin": "round",
              "stroke-width": 1.5,
            },
            "tag": "polygon",
          },
        ],
        "tag": "g",
      },
      {
        "attrs": {},
        "children": [
          {
            "attrs": {
              "fill": "var(--color-shadow-soft)",
              "height": 34,
              "stroke": "var(--color-ink)",
              "stroke-linejoin": "round",
              "stroke-width": 1.5,
              "width": 26,
              "x": 213.6,
              "y": 82,
            },
            "tag": "rect",
          },
          {
            "attrs": {
              "stroke": "var(--color-ink)",
              "stroke-linecap": "round",
              "stroke-width": 1.5,
              "x1": 226.6,
              "x2": 226.6,
              "y1": 82,
              "y2": 116,
            },
            "tag": "line",
          },
          {
            "attrs": {
              "stroke": "var(--color-ink)",
              "stroke-linecap": "round",
              "stroke-width": 1.5,
              "x1": 213.6,
              "x2": 239.6,
              "y1": 99,
              "y2": 99,
            },
            "tag": "line",
          },
          {
            "attrs": {
              "fill": "var(--color-ink-soft)",
              "points": "213.6,82 222.6,82 213.6,104.1",
              "stroke": "var(--color-ink)",
              "stroke-linejoin": "round",
              "stroke-width": 1.5,
            },
            "tag": "polygon",
          },
        ],
        "tag": "g",
      },
      {
        "attrs": {},
        "children": [
          {
            "attrs": {
              "fill": "var(--color-ink-soft)",
              "height": 34,
              "stroke": "var(--color-ink)",
              "stroke-linejoin": "round",
              "stroke-width": 1.5,
              "width": 26,
              "x": 266.8,
              "y": 82,
            },
            "tag": "rect",
          },
          {
            "attrs": {
              "stroke": "var(--color-ink)",
              "stroke-linecap": "round",
              "stroke-width": 1.5,
              "x1": 279.8,
              "x2": 279.8,
              "y1": 82,
              "y2": 116,
            },
            "tag": "line",
          },
          {
            "attrs": {
              "stroke": "var(--color-ink)",
              "stroke-linecap": "round",
              "stroke-width": 1.5,
              "x1": 266.8,
              "x2": 292.8,
              "y1": 99,
              "y2": 99,
            },
            "tag": "line",
          },
          {
            "attrs": {
              "fill": "var(--color-ink-soft)",
              "points": "266.8,82 275.8,82 266.8,104.1",
              "stroke": "var(--color-ink)",
              "stroke-linejoin": "round",
              "stroke-width": 1.5,
            },
            "tag": "polygon",
          },
        ],
        "tag": "g",
      },
      {
        "attrs": {},
        "children": [
          {
            "attrs": {
              "fill": "var(--color-shadow-soft)",
              "height": 34,
              "stroke": "var(--color-ink)",
              "stroke-linejoin": "round",
              "stroke-width": 1.5,
              "width": 26,
              "x": 107.2,
              "y": 132,
            },
            "tag": "rect",
          },
          {
            "attrs": {
              "stroke": "var(--color-ink)",
              "stroke-linecap": "round",
              "stroke-width": 1.5,
              "x1": 120.2,
              "x2": 120.2,
              "y1": 132,
              "y2": 166,
            },
            "tag": "line",
          },
          {
            "attrs": {
              "stroke": "var(--color-ink)",
              "stroke-linecap": "round",
              "stroke-width": 1.5,
              "x1": 107.2,
              "x2": 133.2,
              "y1": 149,
              "y2": 149,
            },
            "tag": "line",
          },
          {
            "attrs": {
              "fill": "var(--color-ink-soft)",
              "points": "107.2,132 116.2,132 107.2,154.1",
              "stroke": "var(--color-ink)",
              "stroke-linejoin": "round",
              "stroke-width": 1.5,
            },
            "tag": "polygon",
          },
        ],
        "tag": "g",
      },
      {
        "attrs": {},
        "children": [
          {
            "attrs": {
              "fill": "var(--color-shadow-soft)",
              "height": 34,
              "stroke": "var(--color-ink)",
              "stroke-linejoin": "round",
              "stroke-width": 1.5,
              "width": 26,
              "x": 160.4,
              "y": 132,
            },
            "tag": "rect",
          },
          {
            "attrs": {
              "stroke": "var(--color-ink)",
              "stroke-linecap": "round",
              "stroke-width": 1.5,
              "x1": 173.4,
              "x2": 173.4,
              "y1": 132,
              "y2": 166,
            },
            "tag": "line",
          },
          {
            "attrs": {
              "stroke": "var(--color-ink)",
              "stroke-linecap": "round",
              "stroke-width": 1.5,
              "x1": 160.4,
              "x2": 186.4,
              "y1": 149,
              "y2": 149,
            },
            "tag": "line",
          },
          {
            "attrs": {
              "fill": "var(--color-ink-soft)",
              "points": "160.4,132 169.4,132 160.4,154.1",
              "stroke": "var(--color-ink)",
              "stroke-linejoin": "round",
              "stroke-width": 1.5,
            },
            "tag": "polygon",
          },
        ],
        "tag": "g",
      },
      {
        "attrs": {},
        "children": [
          {
            "attrs": {
              "fill": "var(--color-paper-shade)",
              "height": 34,
              "stroke": "var(--color-ink)",
              "stroke-linejoin": "round",
              "stroke-width": 1.5,
              "width": 26,
              "x": 213.6,
              "y": 132,
            },
            "tag": "rect",
          },
          {
            "attrs": {
              "stroke": "var(--color-ink)",
              "stroke-linecap": "round",
              "stroke-width": 1.5,
              "x1": 226.6,
              "x2": 226.6,
              "y1": 132,
              "y2": 166,
            },
            "tag": "line",
          },
          {
            "attrs": {
              "stroke": "var(--color-ink)",
              "stroke-linecap": "round",
              "stroke-width": 1.5,
              "x1": 213.6,
              "x2": 239.6,
              "y1": 149,
              "y2": 149,
            },
            "tag": "line",
          },
          {
            "attrs": {
              "fill": "var(--color-ink-soft)",
              "points": "213.6,132 222.6,132 213.6,154.1",
              "stroke": "var(--color-ink)",
              "stroke-linejoin": "round",
              "stroke-width": 1.5,
            },
            "tag": "polygon",
          },
        ],
        "tag": "g",
      },
      {
        "attrs": {},
        "children": [
          {
            "attrs": {
              "fill": "var(--color-shadow-soft)",
              "height": 34,
              "stroke": "var(--color-ink)",
              "stroke-linejoin": "round",
              "stroke-width": 1.5,
              "width": 26,
              "x": 266.8,
              "y": 132,
            },
            "tag": "rect",
          },
          {
            "attrs": {
              "stroke": "var(--color-ink)",
              "stroke-linecap": "round",
              "stroke-width": 1.5,
              "x1": 279.8,
              "x2": 279.8,
              "y1": 132,
              "y2": 166,
            },
            "tag": "line",
          },
          {
            "attrs": {
              "stroke": "var(--color-ink)",
              "stroke-linecap": "round",
              "stroke-width": 1.5,
              "x1": 266.8,
              "x2": 292.8,
              "y1": 149,
              "y2": 149,
            },
            "tag": "line",
          },
          {
            "attrs": {
              "fill": "var(--color-ink-soft)",
              "points": "266.8,132 275.8,132 266.8,154.1",
              "stroke": "var(--color-ink)",
              "stroke-linejoin": "round",
              "stroke-width": 1.5,
            },
            "tag": "polygon",
          },
        ],
        "tag": "g",
      },
      {
        "attrs": {},
        "children": [
          {
            "attrs": {
              "fill": "var(--color-ink-soft)",
              "height": 22,
              "stroke": "var(--color-ink)",
              "stroke-linejoin": "round",
              "stroke-width": 1.5,
              "width": 14,
              "x": 120,
              "y": 22,
            },
            "tag": "rect",
          },
          {
            "attrs": {
              "stroke": "var(--color-ink)",
              "stroke-linecap": "round",
              "stroke-width": 1.5,
              "x1": 120,
              "x2": 134,
              "y1": 28,
              "y2": 28,
            },
            "tag": "line",
          },
          {
            "attrs": {
              "stroke": "var(--color-ink)",
              "stroke-linecap": "round",
              "stroke-width": 1.5,
              "x1": 120,
              "x2": 134,
              "y1": 34,
              "y2": 34,
            },
            "tag": "line",
          },
        ],
        "tag": "g",
      },
      {
        "attrs": {},
        "children": [
          {
            "attrs": {
              "fill": "var(--color-shadow-soft)",
              "height": 22,
              "stroke": "var(--color-ink)",
              "stroke-linejoin": "round",
              "stroke-width": 1.5,
              "width": 14,
              "x": 266,
              "y": 22,
            },
            "tag": "rect",
          },
          {
            "attrs": {
              "stroke": "var(--color-ink)",
              "stroke-linecap": "round",
              "stroke-width": 1.5,
              "x1": 266,
              "x2": 280,
              "y1": 28,
              "y2": 28,
            },
            "tag": "line",
          },
          {
            "attrs": {
              "stroke": "var(--color-ink)",
              "stroke-linecap": "round",
              "stroke-width": 1.5,
              "x1": 266,
              "x2": 280,
              "y1": 34,
              "y2": 34,
            },
            "tag": "line",
          },
        ],
        "tag": "g",
      },
      {
        "attrs": {},
        "children": [
          {
            "attrs": {
              "stroke": "var(--color-ink)",
              "stroke-linecap": "round",
              "stroke-width": 1.5,
              "x1": 199,
              "x2": 199,
              "y1": 6,
              "y2": 38,
            },
            "tag": "line",
          },
          {
            "attrs": {
              "fill": "var(--color-paper-shade)",
              "points": "199,7 222,14 199,21",
              "stroke": "var(--color-ink)",
              "stroke-linejoin": "round",
              "stroke-width": 1.5,
            },
            "tag": "polygon",
          },
        ],
        "tag": "g",
      },
      {
        "attrs": {},
        "children": [
          {
            "attrs": {
              "cx": 26,
              "cy": 22,
              "fill": "var(--color-paper-shade)",
              "r": 8,
              "stroke": "var(--color-ink)",
              "stroke-linejoin": "round",
              "stroke-width": 1.5,
            },
            "tag": "circle",
          },
          {
            "attrs": {
              "cx": 40,
              "cy": 19,
              "fill": "var(--color-paper-shade)",
              "r": 11,
              "stroke": "var(--color-ink)",
              "stroke-linejoin": "round",
              "stroke-width": 1.5,
            },
            "tag": "circle",
          },
          {
            "attrs": {
              "cx": 53,
              "cy": 23,
              "fill": "var(--color-paper-shade)",
              "r": 7,
              "stroke": "var(--color-ink)",
              "stroke-linejoin": "round",
              "stroke-width": 1.5,
            },
            "tag": "circle",
          },
        ],
        "tag": "g",
      },
      {
        "attrs": {},
        "children": [
          {
            "attrs": {
              "cx": 348,
              "cy": 28,
              "fill": "var(--color-paper-shade)",
              "r": 8,
              "stroke": "var(--color-ink)",
              "stroke-linejoin": "round",
              "stroke-width": 1.5,
            },
            "tag": "circle",
          },
          {
            "attrs": {
              "cx": 362,
              "cy": 25,
              "fill": "var(--color-paper-shade)",
              "r": 11,
              "stroke": "var(--color-ink)",
              "stroke-linejoin": "round",
              "stroke-width": 1.5,
            },
            "tag": "circle",
          },
          {
            "attrs": {
              "cx": 375,
              "cy": 29,
              "fill": "var(--color-paper-shade)",
              "r": 7,
              "stroke": "var(--color-ink)",
              "stroke-linejoin": "round",
              "stroke-width": 1.5,
            },
            "tag": "circle",
          },
        ],
        "tag": "g",
      },
      {
        "attrs": {},
        "children": [
          {
            "attrs": {
              "fill": "var(--color-paper-deep)",
              "height": 60,
              "stroke": "var(--color-ink)",
              "stroke-linejoin": "round",
              "stroke-width": 1.5,
              "width": 8,
              "x": 25,
              "y": 190,
            },
            "tag": "rect",
          },
          {
            "attrs": {
              "stroke": "var(--color-ink)",
              "stroke-linecap": "round",
              "stroke-width": 1.5,
              "x1": 29,
              "x2": 51,
              "y1": 220,
              "y2": 200,
            },
            "tag": "line",
          },
          {
            "attrs": {
              "cx": 29,
              "cy": 146,
              "fill": "var(--color-shadow)",
              "r": 22,
              "stroke": "var(--color-ink)",
              "stroke-linejoin": "round",
              "stroke-width": 1.5,
            },
            "tag": "circle",
          },
          {
            "attrs": {
              "cx": 20,
              "cy": 172,
              "fill": "var(--color-shadow)",
              "r": 13,
              "stroke": "var(--color-ink)",
              "stroke-linejoin": "round",
              "stroke-width": 1.5,
            },
            "tag": "circle",
          },
          {
            "attrs": {
              "cx": 38,
              "cy": 174,
              "fill": "var(--color-shadow)",
              "r": 12,
              "stroke": "var(--color-ink)",
              "stroke-linejoin": "round",
              "stroke-width": 1.5,
            },
            "tag": "circle",
          },
        ],
        "tag": "g",
      },
      {
        "attrs": {},
        "children": [
          {
            "attrs": {
              "fill": "var(--color-paper-deep)",
              "height": 60,
              "stroke": "var(--color-ink)",
              "stroke-linejoin": "round",
              "stroke-width": 1.5,
              "width": 8,
              "x": 361,
              "y": 190,
            },
            "tag": "rect",
          },
          {
            "attrs": {
              "stroke": "var(--color-ink)",
              "stroke-linecap": "round",
              "stroke-width": 1.5,
              "x1": 365,
              "x2": 387,
              "y1": 220,
              "y2": 200,
            },
            "tag": "line",
          },
          {
            "attrs": {
              "cx": 365,
              "cy": 146,
              "fill": "var(--color-ink-soft)",
              "r": 22,
              "stroke": "var(--color-ink)",
              "stroke-linejoin": "round",
              "stroke-width": 1.5,
            },
            "tag": "circle",
          },
          {
            "attrs": {
              "cx": 356,
              "cy": 172,
              "fill": "var(--color-ink-soft)",
              "r": 13,
              "stroke": "var(--color-ink)",
              "stroke-linejoin": "round",
              "stroke-width": 1.5,
            },
            "tag": "circle",
          },
          {
            "attrs": {
              "cx": 374,
              "cy": 174,
              "fill": "var(--color-ink-soft)",
              "r": 12,
              "stroke": "var(--color-ink)",
              "stroke-linejoin": "round",
              "stroke-width": 1.5,
            },
            "tag": "circle",
          },
        ],
        "tag": "g",
      },
      {
        "attrs": {},
        "children": [
          {
            "attrs": {
              "stroke": "var(--color-ink)",
              "stroke-linecap": "round",
              "stroke-width": 1.5,
              "x1": 66,
              "x2": 66,
              "y1": 158,
              "y2": 250,
            },
            "tag": "line",
          },
          {
            "attrs": {
              "fill": "var(--color-ink-soft)",
              "height": 6,
              "stroke": "var(--color-ink)",
              "stroke-linejoin": "round",
              "stroke-width": 1.5,
              "width": 9,
              "x": 62,
              "y": 244,
            },
            "tag": "rect",
          },
          {
            "attrs": {
              "stroke": "var(--color-ink)",
              "stroke-linecap": "round",
              "stroke-width": 1.5,
              "x1": 66,
              "x2": 72,
              "y1": 158,
              "y2": 154,
            },
            "tag": "line",
          },
          {
            "attrs": {
              "fill": "var(--color-shadow-soft)",
              "points": "69,153 76,153 75,164 70,164",
              "stroke": "var(--color-ink)",
              "stroke-linejoin": "round",
              "stroke-width": 1.5,
            },
            "tag": "polygon",
          },
        ],
        "tag": "g",
      },
      {
        "attrs": {},
        "children": [
          {
            "attrs": {
              "stroke": "var(--color-ink)",
              "stroke-linecap": "round",
              "stroke-width": 1.5,
              "x1": 120.2,
              "x2": 120.2,
              "y1": 241.88,
              "y2": 270,
            },
            "tag": "line",
          },
          {
            "attrs": {
              "stroke": "var(--color-ink)",
              "stroke-linecap": "round",
              "stroke-width": 1.5,
              "x1": 128.2,
              "x2": 128.2,
              "y1": 241.88,
              "y2": 270,
            },
            "tag": "line",
          },
          {
            "attrs": {
              "fill": "var(--color-paper-shade)",
              "height": 9,
              "stroke": "var(--color-ink)",
              "stroke-linejoin": "round",
              "stroke-width": 1.5,
              "width": 8,
              "x": 133.2,
              "y": 233.88,
            },
            "tag": "rect",
          },
          {
            "attrs": {
              "fill": "var(--color-ink-soft)",
              "points": "115.2,222 133.2,222 135.2,241.88 113.2,241.88",
              "stroke": "var(--color-ink)",
              "stroke-linejoin": "round",
              "stroke-width": 1.5,
            },
            "tag": "polygon",
          },
          {
            "attrs": {
              "stroke": "var(--color-ink)",
              "stroke-linecap": "round",
              "stroke-width": 1.5,
              "x1": 115.2,
              "x2": 113.2,
              "y1": 224,
              "y2": 235.88,
            },
            "tag": "line",
          },
          {
            "attrs": {
              "stroke": "var(--color-ink)",
              "stroke-linecap": "round",
              "stroke-width": 1.5,
              "x1": 133.2,
              "x2": 137.2,
              "y1": 224,
              "y2": 237.88,
            },
            "tag": "line",
          },
          {
            "attrs": {
              "cx": 124.2,
              "cy": 213,
              "fill": "var(--color-paper)",
              "r": 7,
              "stroke": "var(--color-ink)",
              "stroke-linejoin": "round",
              "stroke-width": 1.5,
            },
            "tag": "circle",
          },
        ],
        "tag": "g",
      },
      {
        "attrs": {},
        "children": [
          {
            "attrs": {
              "fill": "var(--color-ink-soft)",
              "points": "118.2,206 119.2,199 129.2,199 130.2,206",
              "stroke": "var(--color-ink)",
              "stroke-linejoin": "round",
              "stroke-width": 1.5,
            },
            "tag": "polygon",
          },
          {
            "attrs": {
              "stroke": "var(--color-ink)",
              "stroke-linecap": "round",
              "stroke-width": 1.5,
              "x1": 114.2,
              "x2": 134.2,
              "y1": 206,
              "y2": 206,
            },
            "tag": "line",
          },
          {
            "attrs": {
              "stroke": "var(--color-ink)",
              "stroke-linecap": "round",
              "stroke-width": 1.5,
              "x1": 129.2,
              "x2": 134.2,
              "y1": 204,
              "y2": 197,
            },
            "tag": "line",
          },
        ],
        "tag": "g",
      },
      {
        "attrs": {},
        "children": [
          {
            "attrs": {
              "fill": "var(--color-paper-shade)",
              "points": "122.4,223 126,223 127.2,235 124.2,239 121.2,235",
              "stroke": "var(--color-ink)",
              "stroke-linejoin": "round",
              "stroke-width": 1.5,
            },
            "tag": "polygon",
          },
        ],
        "tag": "g",
      },
      {
        "attrs": {},
        "children": [
          {
            "attrs": {
              "stroke": "var(--color-ink)",
              "stroke-linecap": "round",
              "stroke-width": 1.5,
              "x1": 172.58,
              "x2": 172.58,
              "y1": 247.98,
              "y2": 278,
            },
            "tag": "line",
          },
          {
            "attrs": {
              "stroke": "var(--color-ink)",
              "stroke-linecap": "round",
              "stroke-width": 1.5,
              "x1": 180.58,
              "x2": 180.58,
              "y1": 247.98,
              "y2": 278,
            },
            "tag": "line",
          },
          {
            "attrs": {
              "fill": "var(--color-paper-shade)",
              "height": 9,
              "stroke": "var(--color-ink)",
              "stroke-linejoin": "round",
              "stroke-width": 1.5,
              "width": 8,
              "x": 159.58,
              "y": 239.98,
            },
            "tag": "rect",
          },
          {
            "attrs": {
              "fill": "var(--color-ink-soft)",
              "points": "167.58,225 185.58,225 187.58,247.98 165.58,247.98",
              "stroke": "var(--color-ink)",
              "stroke-linejoin": "round",
              "stroke-width": 1.5,
            },
            "tag": "polygon",
          },
          {
            "attrs": {
              "stroke": "var(--color-ink)",
              "stroke-linecap": "round",
              "stroke-width": 1.5,
              "x1": 185.58,
              "x2": 187.58,
              "y1": 227,
              "y2": 241.98,
            },
            "tag": "line",
          },
          {
            "attrs": {
              "stroke": "var(--color-ink)",
              "stroke-linecap": "round",
              "stroke-width": 1.5,
              "x1": 167.58,
              "x2": 163.58,
              "y1": 227,
              "y2": 243.98,
            },
            "tag": "line",
          },
          {
            "attrs": {
              "cx": 176.58,
              "cy": 216,
              "fill": "var(--color-paper)",
              "r": 7,
              "stroke": "var(--color-ink)",
              "stroke-linejoin": "round",
              "stroke-width": 1.5,
            },
            "tag": "circle",
          },
        ],
        "tag": "g",
      },
      {
        "attrs": {},
        "children": [
          {
            "attrs": {
              "fill": "var(--color-shadow)",
              "points": "170.58,209 171.58,202 181.58,202 182.58,209",
              "stroke": "var(--color-ink)",
              "stroke-linejoin": "round",
              "stroke-width": 1.5,
            },
            "tag": "polygon",
          },
          {
            "attrs": {
              "stroke": "var(--color-ink)",
              "stroke-linecap": "round",
              "stroke-width": 1.5,
              "x1": 166.58,
              "x2": 186.58,
              "y1": 209,
              "y2": 209,
            },
            "tag": "line",
          },
          {
            "attrs": {
              "stroke": "var(--color-ink)",
              "stroke-linecap": "round",
              "stroke-width": 1.5,
              "x1": 181.58,
              "x2": 186.58,
              "y1": 207,
              "y2": 200,
            },
            "tag": "line",
          },
        ],
        "tag": "g",
      },
      {
        "attrs": {},
        "children": [
          {
            "attrs": {
              "stroke": "var(--color-ink)",
              "stroke-linecap": "round",
              "stroke-width": 1.5,
              "x1": 240.57,
              "x2": 240.57,
              "y1": 243.22,
              "y2": 274,
            },
            "tag": "line",
          },
          {
            "attrs": {
              "stroke": "var(--color-ink)",
              "stroke-linecap": "round",
              "stroke-width": 1.5,
              "x1": 248.57,
              "x2": 248.57,
              "y1": 243.22,
              "y2": 274,
            },
            "tag": "line",
          },
          {
            "attrs": {
              "fill": "var(--color-paper-shade)",
              "height": 9,
              "stroke": "var(--color-ink)",
              "stroke-linejoin": "round",
              "stroke-width": 1.5,
              "width": 8,
              "x": 227.57,
              "y": 235.22,
            },
            "tag": "rect",
          },
          {
            "attrs": {
              "fill": "var(--color-ink-soft)",
              "points": "235.57,219 253.57,219 255.57,243.22 233.57,243.22",
              "stroke": "var(--color-ink)",
              "stroke-linejoin": "round",
              "stroke-width": 1.5,
            },
            "tag": "polygon",
          },
          {
            "attrs": {
              "stroke": "var(--color-ink)",
              "stroke-linecap": "round",
              "stroke-width": 1.5,
              "x1": 253.57,
              "x2": 255.57,
              "y1": 221,
              "y2": 237.22,
            },
            "tag": "line",
          },
          {
            "attrs": {
              "stroke": "var(--color-ink)",
              "stroke-linecap": "round",
              "stroke-width": 1.5,
              "x1": 235.57,
              "x2": 231.57,
              "y1": 221,
              "y2": 239.22,
            },
            "tag": "line",
          },
          {
            "attrs": {
              "cx": 244.57,
              "cy": 210,
              "fill": "var(--color-paper)",
              "r": 7,
              "stroke": "var(--color-ink)",
              "stroke-linejoin": "round",
              "stroke-width": 1.5,
            },
            "tag": "circle",
          },
        ],
        "tag": "g",
      },
      {
        "attrs": {},
        "children": [
          {
            "attrs": {
              "fill": "var(--color-ink-soft)",
              "points": "238.57,203 239.57,196 249.57,196 250.57,203",
              "stroke": "var(--color-ink)",
              "stroke-linejoin": "round",
              "stroke-width": 1.5,
            },
            "tag": "polygon",
          },
          {
            "attrs": {
              "stroke": "var(--color-ink)",
              "stroke-linecap": "round",
              "stroke-width": 1.5,
              "x1": 234.57,
              "x2": 254.57,
              "y1": 203,
              "y2": 203,
            },
            "tag": "line",
          },
          {
            "attrs": {
              "stroke": "var(--color-ink)",
              "stroke-linecap": "round",
              "stroke-width": 1.5,
              "x1": 249.57,
              "x2": 254.57,
              "y1": 201,
              "y2": 194,
            },
            "tag": "line",
          },
        ],
        "tag": "g",
      },
      {
        "attrs": {},
        "children": [
          {
            "attrs": {
              "fill": "var(--color-shadow-soft)",
              "points": "242.77,220 246.37,220 247.57,232 244.57,236 241.57,232",
              "stroke": "var(--color-ink)",
              "stroke-linejoin": "round",
              "stroke-width": 1.5,
            },
            "tag": "polygon",
          },
        ],
        "tag": "g",
      },
      {
        "attrs": {},
        "children": [
          {
            "attrs": {
              "stroke": "var(--color-ink)",
              "stroke-linecap": "round",
              "stroke-width": 1.5,
              "x1": 285.85,
              "x2": 285.85,
              "y1": 235.22,
              "y2": 266,
            },
            "tag": "line",
          },
          {
            "attrs": {
              "stroke": "var(--color-ink)",
              "stroke-linecap": "round",
              "stroke-width": 1.5,
              "x1": 293.85,
              "x2": 293.85,
              "y1": 235.22,
              "y2": 266,
            },
            "tag": "line",
          },
          {
            "attrs": {
              "fill": "var(--color-paper-shade)",
              "height": 9,
              "stroke": "var(--color-ink)",
              "stroke-linejoin": "round",
              "stroke-width": 1.5,
              "width": 8,
              "x": 272.85,
              "y": 227.22,
            },
            "tag": "rect",
          },
          {
            "attrs": {
              "fill": "var(--color-shadow-soft)",
              "points": "280.85,211 298.85,211 300.85,235.22 278.85,235.22",
              "stroke": "var(--color-ink)",
              "stroke-linejoin": "round",
              "stroke-width": 1.5,
            },
            "tag": "polygon",
          },
          {
            "attrs": {
              "stroke": "var(--color-ink)",
              "stroke-linecap": "round",
              "stroke-width": 1.5,
              "x1": 298.85,
              "x2": 300.85,
              "y1": 213,
              "y2": 229.22,
            },
            "tag": "line",
          },
          {
            "attrs": {
              "stroke": "var(--color-ink)",
              "stroke-linecap": "round",
              "stroke-width": 1.5,
              "x1": 280.85,
              "x2": 276.85,
              "y1": 213,
              "y2": 231.22,
            },
            "tag": "line",
          },
          {
            "attrs": {
              "cx": 289.85,
              "cy": 202,
              "fill": "var(--color-paper)",
              "r": 7,
              "stroke": "var(--color-ink)",
              "stroke-linejoin": "round",
              "stroke-width": 1.5,
            },
            "tag": "circle",
          },
        ],
        "tag": "g",
      },
      {
        "attrs": {},
        "children": [
          {
            "attrs": {
              "fill": "var(--color-shadow-soft)",
              "points": "288.05,212 291.65,212 292.85,224 289.85,228 286.85,224",
              "stroke": "var(--color-ink)",
              "stroke-linejoin": "round",
              "stroke-width": 1.5,
            },
            "tag": "polygon",
          },
        ],
        "tag": "g",
      },
    ],
    "tag": "g",
  },
}
`;
